<?xml version="1.0"?>
<testsuites>
  <testsuite name="Chrome 36.0.1985 (Mac OS X 10.9.4)" package="" timestamp="2014-08-21T02:08:02" id="0" hostname="lgml-chrisb" tests="9" errors="0" failures="0" time="0.14">
    <properties>
      <property name="browser.fullName" value="Mozilla/5.0 (Macintosh; Intel Mac OS X 10_9_4) AppleWebKit/537.36 (KHTML, like Gecko) Chrome/36.0.1985.143 Safari/537.36"/>
    </properties>
    <testcase name="should create a scope" time="0.064" classname="Chrome 36.0.1985 (Mac OS X 10.9.4).Controller: MainCtrl"/>
    <testcase name="should handle cardinal directions" time="0.011" classname="Chrome 36.0.1985 (Mac OS X 10.9.4).Filter: regionAbbreviator"/>
    <testcase name="should handle intermediate directions" time="0.011" classname="Chrome 36.0.1985 (Mac OS X 10.9.4).Filter: regionAbbreviator"/>
    <testcase name="should handle multiple regions" time="0.008" classname="Chrome 36.0.1985 (Mac OS X 10.9.4).Filter: regionAbbreviator"/>
    <testcase name="should handle non-region characters" time="0.008" classname="Chrome 36.0.1985 (Mac OS X 10.9.4).Filter: regionAbbreviator"/>
    <testcase name="should ignore capitalized content" time="0.015" classname="Chrome 36.0.1985 (Mac OS X 10.9.4).Filter: regionAbbreviator"/>
    <testcase name="should ignore invalid intermediate directions" time="0.007" classname="Chrome 36.0.1985 (Mac OS X 10.9.4).Filter: regionAbbreviator"/>
    <testcase name="should ignore invalid values but translate valid ones" time="0.009" classname="Chrome 36.0.1985 (Mac OS X 10.9.4).Filter: regionAbbreviator"/>
    <testcase name="should abbreviate availability zones" time="0.007" classname="Chrome 36.0.1985 (Mac OS X 10.9.4).Filter: regionAbbreviator"/>
    <system-out><![CDATA[
]]></system-out>
    <system-err/>
  </testsuite>
</testsuites>
